make -C src
make[1]: Entering directory '/mnt/data/projects/vt100/src'
gcc -Wall -Wextra -std=c99 -O2 -fPIC -c vt100.c -o vt100.o
ar rcs libvt100.a vt100.o
make[1]: Leaving directory '/mnt/data/projects/vt100/src'
make -C tests
make[1]: Entering directory '/mnt/data/projects/vt100/tests'
gcc -Wall -Wextra -std=c99 -O2 -I../src -c vt100_test.c -o vt100_test.o
gcc -Wall -Wextra -std=c99 -O2 -I../src -o vt100_test vt100_test.o ../src/libvt100.a -L../src -lvt100
make[1]: Leaving directory '/mnt/data/projects/vt100/tests'
make -C tests
make[1]: Entering directory '/mnt/data/projects/vt100/tests'
make[1]: Nothing to be done for 'all'.
make[1]: Leaving directory '/mnt/data/projects/vt100/tests'
cd tests && ./vt100_test
vt100_test: vt100_test.c:309: test_xterm_winop: Assertion `last_event.type == VT100_EVENT_XTERM_WINOP' failed.
Aborted (core dumped)
make: *** [Makefile:21: test] Error 134
